../Core/Src/main.c:90:6:delay_us	24	static
../Core/Src/main.c:97:6:read_ldr	32	static
../Core/Src/main.c:112:6:read_dht11	16	static
../Core/Src/main.c:143:6:read_distance	24	static
../Core/Src/main.c:157:6:HAL_TIM_PeriodElapsedCallback	16	static
../Core/Src/main.c:170:6:HAL_UART_RxCpltCallback	32	static
../Core/Src/main.c:191:5:main	8	static
../Core/Src/main.c:252:6:SystemClock_Config	88	static
../Core/Src/main.c:298:13:MX_ADC1_Init	24	static
../Core/Src/main.c:350:13:MX_TIM1_Init	32	static
../Core/Src/main.c:396:13:MX_TIM2_Init	32	static
../Core/Src/main.c:441:13:MX_TIM3_Init	32	static
../Core/Src/main.c:486:13:MX_TIM4_Init	32	static
../Core/Src/main.c:531:13:MX_USART1_UART_Init	8	static
../Core/Src/main.c:564:13:MX_USART2_UART_Init	8	static
../Core/Src/main.c:597:13:MX_GPIO_Init	48	static
../Core/Src/main.c:669:6:Error_Handler	4	static,ignoring_inline_asm
